../Core/Src/at_comand.c:36:5:check	16	static
../Core/Src/at_comand.c:46:6:SPD	8	static
../Core/Src/at_comand.c:70:6:LNOPEN	8	static
../Core/Src/at_comand.c:94:6:LNHLOPEN	8	static
../Core/Src/at_comand.c:117:6:CURERRLOCK1	8	static
../Core/Src/at_comand.c:140:6:CURERRLOCK2	8	static
../Core/Src/at_comand.c:163:6:CURERRDRIVE1	8	static
../Core/Src/at_comand.c:185:6:CURERRDRIVE2	8	static
../Core/Src/at_comand.c:207:6:CURERRDRIVE3	8	static
../Core/Src/at_comand.c:229:6:CURERRDRIVE4	8	static
../Core/Src/at_comand.c:251:6:CURERRTIME	8	static
../Core/Src/at_comand.c:273:6:STOTIMELOCK	8	static
../Core/Src/at_comand.c:295:6:STOTIMEDRIVE	8	static
../Core/Src/at_comand.c:317:6:SAVEFLASH	8	static
../Core/Src/at_comand.c:329:6:READFLASH	16	static
../Core/Src/at_comand.c:358:9:writeFlash	64	static
../Core/Src/at_comand.c:390:10:readFlash	16	static
