../Core/Src/at_comand.c:37:5:check	16	static
../Core/Src/at_comand.c:47:6:SPD	8	static
../Core/Src/at_comand.c:71:6:LNOPEN	8	static
../Core/Src/at_comand.c:95:6:LNHLOPEN	8	static
../Core/Src/at_comand.c:118:6:CURERRLOCK1	8	static
../Core/Src/at_comand.c:141:6:CURERRLOCK2	8	static
../Core/Src/at_comand.c:164:6:CURERRDRIVE1	8	static
../Core/Src/at_comand.c:186:6:CURERRDRIVE2	8	static
../Core/Src/at_comand.c:208:6:CURERRDRIVE3	8	static
../Core/Src/at_comand.c:230:6:CURERRDRIVE4	8	static
../Core/Src/at_comand.c:252:6:CURERRTIME	8	static
../Core/Src/at_comand.c:274:6:STOTIMELOCK	8	static
../Core/Src/at_comand.c:296:6:STOTIMEDRIVE	8	static
../Core/Src/at_comand.c:318:6:SAVEFLASH	8	static
../Core/Src/at_comand.c:330:6:READFLASH	16	static
../Core/Src/at_comand.c:359:9:writeFlash	64	static
../Core/Src/at_comand.c:391:10:readFlash	16	static
